// Jest Snapshot v1, https://goo.gl/fbAQLP

exports[`Should render EditExpense correctly 1`] = `
<div>
  <div
    className="page-header"
  >
    <div
      className="content-container"
    >
      <h1
        className="page-header__title"
      >
        Edit Expense
      </h1>
    </div>
  </div>
  <div
    className="content-container"
  >
    <ExpenseForm
      expense={
        Object {
          "amount": 108000,
          "createdAt": 345600000,
          "description": "coffee",
          "id": 3,
          "note": "",
        }
      }
      onSubmit={[Function]}
    />
    <button
      className="button button--critical"
      onClick={[Function]}
    >
      Remove Expense
    </button>
  </div>
</div>
`;
