// Jest Snapshot v1, https://goo.gl/fbAQLP

exports[`Should render NotFound with expense 1`] = `
<div>
  404 - 
  <Link
    to="/"
  >
    Go Home
  </Link>
</div>
`;
